// Jest Snapshot v1, https://goo.gl/fbAQLP

exports[`createLabel creates a label 1`] = `
Array [
  Array [
    Object {
      "color": "f87000",
      "description": undefined,
      "name": "My label",
      "owner": "JasonEtco",
      "repo": "example",
    },
  ],
]
`;
